{
  "start": 3,
  "end": 3,
  "lines": [
    "\tMyExample bool `json:\"myExample\"`"
  ]
}