{
  "start": 1,
  "end": 10,
  "lines": [
    "type x struct {",
    "",
    "",
    "",
    "",
    "",
    " Foo int `json:\"foo\"`",
    "\tbar string `json:\"bar\"`",
    "",
    "}"
  ]
}