func test(arg struct {
	Field int `json:"field"`
}) {
}
